1)
vlad@vladislav-vb:~$ sudo apt-get install nginx
[sudo] пароль для vlad: 
Чтение списков пакетов… Готово
Построение дерева зависимостей… Готово
Чтение информации о состоянии… Готово         
Следующий пакет устанавливался автоматически и больше не требуется:
  chromium-codecs-ffmpeg-extra gstreamer1.0-vaapi
  i965-va-driver intel-media-va-driver libaacs0 libaom3
  libass9 libavcodec58 libavformat58 libavutil56
  ...
Настраивается пакет nginx-core (1.18.0-6ubuntu14.3) …
 * Upgrading binary nginx                          [ OK ] 
Настраивается пакет nginx (1.18.0-6ubuntu14.3) …
Обрабатываются триггеры для man-db (2.10.2-1) …
Обрабатываются триггеры для ufw (0.36.1-4build1) …
vlad@vladislav-vb:~$ sudo dpkg -r nginx
(Чтение базы данных … на данный момент установлено 176705 файлов и каталогов.)
Удаляется nginx (1.18.0-6ubuntu14.3) …
2)
vlad@vladislav-vb:~$ sudo snap install opera



3)
vlad@vladislav-vb:~$ sudo iptables -A INPUT -p tcp --dport 22 -j ACCEPT
[sudo] пароль для vlad: 
vlad@vladislav-vb:~$ sudo iptables -A INPUT -p tcp --dport 80 -j ACCEPT
vlad@vladislav-vb:~$ iptables-save
iptables-save v1.8.7 (nf_tables): Could not fetch rule set generation id: Permission denied (you must be root)

vlad@vladislav-vb:~$ sudo iptables-save
# Generated by iptables-save v1.8.7 on Thu Dec  1 16:59:48 2022
*filter
:INPUT ACCEPT [0:0]
:FORWARD ACCEPT [0:0]
:OUTPUT ACCEPT [0:0]
-A INPUT -p tcp -m tcp --dport 22 -j ACCEPT
-A INPUT -p tcp -m tcp --dport 80 -j ACCEPT
COMMIT
# Completed on Thu Dec  1 16:59:48 2022
vlad@vladislav-vb:~$ 



4)
vlad@vladislav-vb:~$ sudo iptables -A FORWARD -i eth0 -o eth1 -p tcp --syn --dport 80 -m conntrack --ctstate NEW -j ACCEPT
vlad@vladislav-vb:~$ sudo iptables -A FORWARD -i eth0 -o eth1 -p tcp --syn --dport 80 -m conntrack --ctstate ESTABLISHED,RELATED -j ACCEPT
vlad@vladislav-vb:~$ sudo iptables -A FORWARD -i eth1 -o eth0 -p tcp --syn --dport 80 -m conntrack --ctstate ESTABLISHED,RELATED -j ACCEPT
vlad@vladislav-vb:~$ sudo iptables -P FORWARD DROP
vlad@vladislav-vb:~$ sudo iptables -t nat -A PREROUNTING -i eth0 -p tcp --dport 90 -j DNAT --to-destination 192.168.1.2
iptables: No chain/target/match by that name.
vlad@vladislav-vb:~$ sudo iptables -t nat POSTROUTING -o eth1 -p tcp --dport localhost -j SNAT --to-source 192.168.1.2:8080
vlad@vladislav-vb:~$ sudo iptables -t nat -A POSTROUTING -o eth1 -p tcp --dport localhost -j SNAT --to-source 192.168.1.2:8080

